
### selfhosted-ops-kit: day-2 operations on a local kind cluster (demo project, not production)
$ kubectl --context kind-ops-kit get nodes
NAME                    STATUS   ROLES           AGE     VERSION
ops-kit-control-plane   Ready    control-plane   4m17s   v1.35.0
ops-kit-worker          Ready    <none>          4m7s    v1.35.0
ops-kit-worker2         Ready    <none>          4m7s    v1.35.0
$ kubectl --context kind-ops-kit -n ops-demo get pods,pdb,networkpolicy,cronjob
NAME                                 READY   STATUS      RESTARTS   AGE
pod/manual-backup-1790827051-tn6nb   0/1     Completed   0          41s
pod/notes-api-77f957f54b-jlb5j       1/1     Running     0          27s
pod/notes-api-77f957f54b-lvvpt       1/1     Running     0          27s
pod/notes-api-77f957f54b-mjvmm       1/1     Running     0          27s
pod/notes-postgres-0                 1/1     Running     0          3m38s
pod/notes-pre-upgrade-backup-cppd6   0/1     Completed   0          63s
pod/notes-restore-1790827056-h8lnv   0/1     Completed   0          31s

NAME                                   MIN AVAILABLE   MAX UNAVAILABLE   ALLOWED DISRUPTIONS   AGE
poddisruptionbudget.policy/notes-api   N/A             1                 1                     3m38s

NAME                                                         POD-SELECTOR                                                                                         AGE
networkpolicy.networking.k8s.io/notes-api-ingress            app.kubernetes.io/component=api,app.kubernetes.io/instance=notes,app.kubernetes.io/name=notes        3m39s
networkpolicy.networking.k8s.io/notes-db-client-egress       app.kubernetes.io/instance=notes,selfhosted-ops-kit/db-client=true                                   3m39s
networkpolicy.networking.k8s.io/notes-default-deny-ingress   app.kubernetes.io/instance=notes,app.kubernetes.io/name=notes                                        3m39s
networkpolicy.networking.k8s.io/notes-postgres-ingress       app.kubernetes.io/component=postgres,app.kubernetes.io/instance=notes,app.kubernetes.io/name=notes   3m39s

NAME                         SCHEDULE       TIMEZONE   SUSPEND   ACTIVE   LAST SCHEDULE   AGE
cronjob.batch/notes-backup   17 */6 * * *   <none>     False     0        <none>          3m38s
[03:58:13Z]     api version: 1.0.0

### 1) Upgrade under synthetic traffic: preflight gate, pre-upgrade backup hook, rolling update
[03:58:18Z]  OK synthetic traffic started (pod notes-traffic, 4 req/s against the Service)

[03:58:18Z] ==> Preflight checks (abort if any fails)
[03:58:19Z]  OK release notes is deployed (revision 5)
[03:58:19Z]  OK API ready replicas 3/3
[03:58:19Z]  OK PostgreSQL ready
[03:58:19Z]  OK PDB disruptions allowed: 1
[03:58:19Z]  OK PostgreSQL volume usage 44%

[03:58:19Z] ==> Upgrading notes to api 1.1.0 (auto-rollback on failure, timeout 5m)
$ helm --kube-context kind-ops-kit -n ops-demo upgrade notes charts/notes -f charts/notes/values-ha.yaml --set api.image.tag=1.1.0 --rollback-on-failure --wait --timeout 5m
Release "notes" has been upgraded. Happy Helming!
NAME: notes
LAST DEPLOYED: Thu Oct  1 03:58:19 2026
NAMESPACE: ops-demo
STATUS: deployed
REVISION: 6
DESCRIPTION: Upgrade complete
NOTES:
Release notes (api 1.1.0, chart 0.1.0) is installed in namespace ops-demo.

This is a portfolio/demo chart, not a production product.

Check status:
  kubectl -n ops-demo get pods -l app.kubernetes.io/instance=notes
  helm -n ops-demo test notes

Talk to the API:
  kubectl -n ops-demo port-forward svc/notes-api 8080:8080
  curl -s localhost:8080/version
  curl -s -XPOST --data 'hello' localhost:8080/notes

Backups: CronJob notes-backup ("17 */6 * * *"), keeping 14 dumps, plus a pre-upgrade/pre-rollback hook backup.
Run one now:
  kubectl -n ops-demo create job --from=cronjob/notes-backup manual-backup-$(date +%s)

Runbooks: https://github.com/buberlo/selfhosted-ops-kit/tree/main/docs/runbooks
[03:58:36Z]  OK upgraded: revision 5 -> 6

[03:58:36Z] ==> Smoke test
deployment "notes-api" successfully rolled out
$ helm --kube-context kind-ops-kit -n ops-demo test notes --logs
NAME: notes
LAST DEPLOYED: Thu Oct  1 03:58:19 2026
NAMESPACE: ops-demo
STATUS: deployed
REVISION: 6
DESCRIPTION: Upgrade complete
TEST SUITE:     notes-smoke-test
Last Started:   Thu Oct  1 03:58:36 2026
Last Completed: Thu Oct  1 03:58:39 2026
Phase:          Succeeded

POD LOGS: notes-smoke-test (smoke)
readyz: (200, {'status': 'ready', 'schema': 2})
version: (200, {'version': '1.1.0', 'schema': 2})
write/read-back ok: helm-test-1790827117

[03:58:39Z]     version: {"version": "1.1.0", "schema": 2}
[03:58:39Z]  OK smoke test passed
[03:58:42Z]     traffic result: {200: 80} / failed requests: 0
[03:58:42Z]  OK no client-visible errors during the change

### 2) A broken release (image does not exist) is rolled back automatically
[03:58:50Z]  OK synthetic traffic started (pod notes-traffic, 4 req/s against the Service)

[03:58:50Z] ==> Preflight checks (abort if any fails)
[03:58:51Z]  OK release notes is deployed (revision 6)
[03:58:51Z]  OK API ready replicas 3/3
[03:58:51Z]  OK PostgreSQL ready
[03:58:51Z]  OK PDB disruptions allowed: 1
[03:58:51Z]  OK PostgreSQL volume usage 44%

[03:58:51Z] ==> Upgrading notes to api 9.9.9-broken (auto-rollback on failure, timeout 60s)
$ helm --kube-context kind-ops-kit -n ops-demo upgrade notes charts/notes -f charts/notes/values-ha.yaml --set api.image.tag=9.9.9-broken --rollback-on-failure --wait --timeout 60s
level=WARN msg="upgrade failed" name=notes error="resource Deployment/ops-demo/notes-api not ready. status: InProgress, message: Updated: 1/3\ncontext deadline exceeded"
Error: UPGRADE FAILED: release notes failed, and has been rolled back due to rollback-on-failure being set: resource Deployment/ops-demo/notes-api not ready. status: InProgress, message: Updated: 1/3
context deadline exceeded
[03:59:59Z] WARN upgrade failed; Helm rolled back automatically. Current state:
REVISION	UPDATED                 	STATUS    	CHART      	APP VERSION	DESCRIPTION                                                                                                        
4       	Thu Oct  1 03:57:02 2026	superseded	notes-0.1.0	1.0.0      	Rollback to 2                                                                                                      
5       	Thu Oct  1 03:57:10 2026	superseded	notes-0.1.0	1.0.0      	Rollback to 1                                                                                                      
6       	Thu Oct  1 03:58:19 2026	superseded	notes-0.1.0	1.0.0      	Upgrade complete                                                                                                   
7       	Thu Oct  1 03:58:52 2026	failed    	notes-0.1.0	1.0.0      	Upgrade "notes" failed: resource Deployment/ops-demo/notes-api not ready. status: InProgress, message: Updated: ...
8       	Thu Oct  1 03:59:55 2026	deployed  	notes-0.1.0	1.0.0      	Rollback to 6                                                                                                      
[03:59:59Z]     upgrade failed as expected; release is still serving
[04:00:03Z]     traffic result: {200: 280} / failed requests: 0
[04:00:03Z]  OK no client-visible errors during the change
[04:00:03Z]     api version: 1.1.0

### 3) Operator-initiated rollback to the known-good revision 5

[04:00:08Z] ==> Release history before rollback
REVISION	UPDATED                 	STATUS    	CHART      	APP VERSION	DESCRIPTION                                                                                                        
1       	Thu Oct  1 03:54:34 2026	superseded	notes-0.1.0	1.0.0      	Install complete                                                                                                   
2       	Thu Oct  1 03:54:59 2026	superseded	notes-0.1.0	1.0.0      	Upgrade complete                                                                                                   
3       	Thu Oct  1 03:55:29 2026	failed    	notes-0.1.0	1.0.0      	Upgrade "notes" failed: resource Deployment/ops-demo/notes-api not ready. status: InProgress, message: Updated: ...
4       	Thu Oct  1 03:57:02 2026	superseded	notes-0.1.0	1.0.0      	Rollback to 2                                                                                                      
5       	Thu Oct  1 03:57:10 2026	superseded	notes-0.1.0	1.0.0      	Rollback to 1                                                                                                      
6       	Thu Oct  1 03:58:19 2026	superseded	notes-0.1.0	1.0.0      	Upgrade complete                                                                                                   
7       	Thu Oct  1 03:58:52 2026	failed    	notes-0.1.0	1.0.0      	Upgrade "notes" failed: resource Deployment/ops-demo/notes-api not ready. status: InProgress, message: Updated: ...
8       	Thu Oct  1 03:59:55 2026	deployed  	notes-0.1.0	1.0.0      	Rollback to 6                                                                                                      

[04:00:08Z] ==> Rolling back notes to revision 5
$ helm --kube-context kind-ops-kit -n ops-demo rollback notes 5 --wait --timeout 5m
Rollback was a success! Happy Helming!
[04:00:26Z]  OK now at revision 9, api version 1.0.0

[04:00:26Z] ==> Smoke test
deployment "notes-api" successfully rolled out
$ helm --kube-context kind-ops-kit -n ops-demo test notes --logs
NAME: notes
LAST DEPLOYED: Thu Oct  1 04:00:08 2026
NAMESPACE: ops-demo
STATUS: deployed
REVISION: 9
DESCRIPTION: Rollback to 5
TEST SUITE:     notes-smoke-test
Last Started:   Thu Oct  1 04:00:26 2026
Last Completed: Thu Oct  1 04:00:28 2026
Phase:          Succeeded

POD LOGS: notes-smoke-test (smoke)
readyz: (200, {'status': 'ready', 'schema': 2})
version: (200, {'version': '1.0.0', 'schema': 2})
write/read-back ok: helm-test-1790827226

[04:00:28Z]     version: {"version": "1.0.0", "schema": 2}
[04:00:28Z]  OK smoke test passed

### 4) Backup and restore

[04:00:34Z] ==> On-demand backup (manual-backup-1790827234)
$ kubectl --context kind-ops-kit -n ops-demo create job --from=cronjob/notes-backup manual-backup-1790827234
job.batch/manual-backup-1790827234 created
job.batch/manual-backup-1790827234 condition met
starting backup of notes@notes-postgres -> /backups/notes-20261001T040034Z.dump
backup ok: /backups/notes-20261001T040034Z.dump (4.0K)
[04:00:37Z]  OK backup completed

[04:00:38Z] ==> 1/4 Stop writers: scale notes-api 3 -> 0
$ kubectl --context kind-ops-kit -n ops-demo scale deploy/notes-api --replicas=0
deployment.apps/notes-api scaled
pod/notes-api-77f957f54b-297v5 condition met
pod/notes-api-77f957f54b-7vh7h condition met
pod/notes-api-77f957f54b-b82hl condition met

[04:00:44Z] ==> 2/4 Restore job notes-restore-1790827238 (latest)
job.batch/notes-restore-1790827238 created
job.batch/notes-restore-1790827238 condition met

[04:00:47Z] ==> 3/4 Restore log
restoring /backups/notes-20261001T040034Z.dump
restore ok: 9 notes, schema 2
[04:00:47Z]  OK restore completed

[04:00:47Z] ==> 4/4 Start writers again: scale notes-api -> 3
$ kubectl --context kind-ops-kit -n ops-demo scale deploy/notes-api --replicas=3
deployment.apps/notes-api scaled
Waiting for deployment "notes-api" rollout to finish: 0 of 3 updated replicas are available...
Waiting for deployment "notes-api" rollout to finish: 1 of 3 updated replicas are available...
Waiting for deployment "notes-api" rollout to finish: 2 of 3 updated replicas are available...
deployment "notes-api" successfully rolled out
[04:00:54Z]  OK API back at 3 replicas
[04:00:54Z]     notes after restore: ['demo-note-before-backup', 'helm-test-1790827226', 'helm-test-1790827117']

### Release history
$ helm --kube-context kind-ops-kit -n ops-demo history notes
REVISION	UPDATED                 	STATUS    	CHART      	APP VERSION	DESCRIPTION                                                                                                        
1       	Thu Oct  1 03:54:34 2026	superseded	notes-0.1.0	1.0.0      	Install complete                                                                                                   
2       	Thu Oct  1 03:54:59 2026	superseded	notes-0.1.0	1.0.0      	Upgrade complete                                                                                                   
3       	Thu Oct  1 03:55:29 2026	failed    	notes-0.1.0	1.0.0      	Upgrade "notes" failed: resource Deployment/ops-demo/notes-api not ready. status: InProgress, message: Updated: ...
4       	Thu Oct  1 03:57:02 2026	superseded	notes-0.1.0	1.0.0      	Rollback to 2                                                                                                      
5       	Thu Oct  1 03:57:10 2026	superseded	notes-0.1.0	1.0.0      	Rollback to 1                                                                                                      
6       	Thu Oct  1 03:58:19 2026	superseded	notes-0.1.0	1.0.0      	Upgrade complete                                                                                                   
7       	Thu Oct  1 03:58:52 2026	failed    	notes-0.1.0	1.0.0      	Upgrade "notes" failed: resource Deployment/ops-demo/notes-api not ready. status: InProgress, message: Updated: ...
8       	Thu Oct  1 03:59:55 2026	superseded	notes-0.1.0	1.0.0      	Rollback to 6                                                                                                      
9       	Thu Oct  1 04:00:08 2026	deployed  	notes-0.1.0	1.0.0      	Rollback to 5                                                                                                      

### Done.
